// Jest Snapshot v1, https://goo.gl/fbAQLP

exports[`NeonRangeSlider matches snapshot 1`] = `
<div class="neon-range-slider" lowerBound="2000" upperBound="49000"><output class="neon-slider__output"><span class="neon-range-slider__output-range"><span>$5,000.00</span><span class="neon-range-slider__output-range-separator"> : </span><span>$10,000.00</span></span></output>
  <div class="neon-slider neon-slider--low-contrast neon-range-slider__lower" style="--min: 1000; --max: 50000; --val: 5000;" aria-label="Lower bound">
    <!--v-if--><input type="range" step="100" min="1000" max="50000" aria-valuemin="1000" aria-valuemax="50000" aria-valuenow="5000" disabled="false" class="neon-slider__input neon-range-slider__lower" aria-label="Lower bound" value="5000"></input>
    <div class="neon-slider__legend"><span class="neon-slider__legend-item">$1,000.00</span><span class="neon-slider__legend-item">$50,000.00</span></div><output class="neon-slider__tooltip">
      <div class="neon-slider__tooltip-content"><span class="neon-slider__tooltip-value">$5,000.00</span></div>
    </output>
  </div>
  <div class="neon-slider neon-slider--no-legend neon-slider--low-contrast neon-range-slider__upper" style="--min: 1000; --max: 50000; --val: 10000;" aria-label="Upper bound">
    <!--v-if--><input type="range" step="100" min="1000" max="50000" aria-valuemin="1000" aria-valuemax="50000" aria-valuenow="10000" disabled="false" class="neon-slider__input neon-range-slider__upper" aria-label="Upper bound" value="10000"></input>
    <!--v-if--><output class="neon-slider__tooltip">
      <div class="neon-slider__tooltip-content"><span class="neon-slider__tooltip-value">$10,000.00</span></div>
    </output>
  </div>
</div>
`;
