// Jest Snapshot v1, https://goo.gl/fbAQLP

exports[`NeonToggle renders radio buttons with label override 1`] = `
<div class="neon-toggle--radio-buttons neon-toggle--neutral neon-toggle--vertical neon-toggle--m neon-toggle" role="radiogroup"><label aria-checked="true" class="neon-toggle__label--checked neon-toggle__label--with-slot-override neon-toggle__label--with-text neon-toggle__label no-style" tabindex="0" role="radio"><input name="xd" tabindex="-1" class="neon-toggle__input" type="radio" value="option-1">
    <div class="neon-toggle__radio-button">
      <div class="neon-toggle__radio-button-indicator"></div>
    </div><!-- @slot This slot is for overriding the option rendering, it is passed two arguments, <em>option</em> - the option model & <em>index</em> --><span>0 = description 0</span>
  </label><label aria-checked="false" aria-disabled="true" class="neon-toggle__label--disabled neon-toggle__label--with-slot-override neon-toggle__label--with-text neon-toggle__label no-style" role="radio"><input disabled="" name="xd" tabindex="-1" class="neon-toggle__input" type="radio" value="option-2">
    <div class="neon-toggle__radio-button">
      <!--v-if-->
    </div><!-- @slot This slot is for overriding the option rendering, it is passed two arguments, <em>option</em> - the option model & <em>index</em> --><span>1 = description 1</span>
  </label><label aria-checked="false" class="neon-toggle__label--with-slot-override neon-toggle__label--with-text neon-toggle__label no-style" tabindex="0" role="radio"><input name="xd" tabindex="-1" class="neon-toggle__input" type="radio" value="option-3">
    <div class="neon-toggle__radio-button">
      <!--v-if-->
    </div><!-- @slot This slot is for overriding the option rendering, it is passed two arguments, <em>option</em> - the option model & <em>index</em> --><span>2 = description 2</span>
  </label></div>
`;
